[Licensing::Module] Trying to connect to existing licensing client channel...
Built from '6000.3/staging' branch; Version is '6000.3.14f1 (d68c3f99a318) revision 14060607'; Using compiler version '194234433'; Build Type 'Release'
[Licensing::IpcConnector] Successfully connected to: "LicenseClient-Sd-stSSIeJ65I9-953Y04" at "2026-05-02T14:34:30.7821295Z"
OS: 'Windows 11  (10.0.26100) Professional' Language: 'en' Physical Memory: 64617 MB
BatchMode: 1, IsHumanControllingUs: 0, StartBugReporterOnCrash: 0, Is64bit: 1
System  architecture: x64
Process architecture: x64
Date: 2026-05-02T14:34:30Z

COMMAND LINE ARGUMENTS:
C:\Program Files\Unity\Hub\Editor\6000.3.14f1\Editor\Unity.exe
-adb2
-batchMode
-noUpm
-name
AssetImportWorker0
-projectPath
C:/Users/Lukas Kreiter/Documents/GitHub/DA_Unity_Factorygame
-logFile
Logs/AssetImportWorker0.log
-srvPort
61993
-licensingIpc
LicenseClient-Sd-stSSIeJ65I9-953Y04
-job-worker-count
15
-background-job-worker-count
8
-gc-helper-count
1
-name
AssetImport
Successfully changed project path to: C:/Users/Lukas Kreiter/Documents/GitHub/DA_Unity_Factorygame
C:/Users/Lukas Kreiter/Documents/GitHub/DA_Unity_Factorygame
[UnityMemory] Configuration Parameters - Can be set up in boot.config
    "memorysetup-temp-allocator-size-nav-mesh-worker=65536"
    "memorysetup-temp-allocator-size-audio-worker=65536"
    "memorysetup-temp-allocator-size-gfx=262144"
    "memorysetup-allocator-temp-initial-block-size-main=262144"
    "memorysetup-allocator-temp-initial-block-size-worker=262144"
    "memorysetup-temp-allocator-size-background-worker=32768"
    "memorysetup-temp-allocator-size-job-worker=262144"
    "memorysetup-temp-allocator-size-preload-manager=33554432"
    "memorysetup-temp-allocator-size-gi-baking-worker=262144"
    "memorysetup-temp-allocator-size-gi-baking-worker=262144"
    "memorysetup-temp-allocator-size-gi-baking-worker=262144"
    "memorysetup-temp-allocator-size-gi-baking-worker=262144"
    "memorysetup-temp-allocator-size-gi-baking-worker=262144"
    "memorysetup-bucket-allocator-granularity=16"
    "memorysetup-bucket-allocator-bucket-count=8"
    "memorysetup-bucket-allocator-block-size=33554432"
    "memorysetup-bucket-allocator-block-count=8"
    "memorysetup-main-allocator-block-size=16777216"
    "memorysetup-thread-allocator-block-size=16777216"
    "memorysetup-gfx-main-allocator-block-size=16777216"
    "memorysetup-gfx-thread-allocator-block-size=16777216"
    "memorysetup-cache-allocator-block-size=4194304"
    "memorysetup-typetree-allocator-block-size=2097152"
    "memorysetup-profiler-bucket-allocator-granularity=16"
    "memorysetup-profiler-bucket-allocator-bucket-count=8"
    "memorysetup-profiler-bucket-allocator-block-size=33554432"
    "memorysetup-profiler-bucket-allocator-block-count=8"
    "memorysetup-profiler-allocator-block-size=16777216"
    "memorysetup-profiler-editor-allocator-block-size=1048576"
    "memorysetup-temp-allocator-size-main=16777216"
    "memorysetup-job-temp-allocator-block-size=2097152"
    "memorysetup-job-temp-allocator-block-size-background=1048576"
    "memorysetup-job-temp-allocator-reduction-small-platforms=262144"
    "memorysetup-temp-allocator-size-cloud-worker=32768"
Player connection [39668]  Target information:

Player connection [39668]  * "[IP] 192.168.56.1 [Port] 0 [Flags] 2 [Guid] 3882227205 [EditorId] 3882227205 [Version] 1048832 [Id] WindowsEditor(7,DESKTOP-LHBCC1I) [Debug] 1 [PackageName] WindowsEditor [ProjectName] Editor" 

Player connection [39668]  * "[IP] 169.254.83.100 [Port] 0 [Flags] 2 [Guid] 3882227205 [EditorId] 3882227205 [Version] 1048832 [Id] WindowsEditor(7,DESKTOP-LHBCC1I) [Debug] 1 [PackageName] WindowsEditor [ProjectName] Editor" 

Player connection [39668]  * "[IP] 10.65.204.187 [Port] 0 [Flags] 2 [Guid] 3882227205 [EditorId] 3882227205 [Version] 1048832 [Id] WindowsEditor(7,DESKTOP-LHBCC1I) [Debug] 1 [PackageName] WindowsEditor [ProjectName] Editor" 

Player connection [39668]  * "[IP] 192.168.178.30 [Port] 0 [Flags] 2 [Guid] 3882227205 [EditorId] 3882227205 [Version] 1048832 [Id] WindowsEditor(7,DESKTOP-LHBCC1I) [Debug] 1 [PackageName] WindowsEditor [ProjectName] Editor" 

Player connection [39668] Host joined multi-casting on [225.0.0.222:54997]...
Player connection [39668] Host joined alternative multi-casting on [225.0.0.222:34997]...
JobSystem: Creating JobQueue using job-worker-count value 15
Input System module state changed to: Initialized.
[Physics::Module] Initialized fallback backend.
[Physics::Module] Id: 0xdecafbad
Library Redirect Path: Library/
[Physics::Module] Selected backend.
[Physics::Module] Name: PhysX
[Physics::Module] Id: 0xf2b8ea05
[Physics::Module] SDK Version: 4.1.2
[Physics::Module] Integration Version: 1.0.0
[Physics::Module] Threading Mode: Multi-Threaded
Refreshing native plugins compatible for Editor in 35.14 ms, found 4 plugins.
Preloading 0 native plugins for Editor in 0.00 ms.
Initialize engine version: 6000.3.14f1 (d68c3f99a318)
[Subsystems] Discovering subsystems at path C:/Program Files/Unity/Hub/Editor/6000.3.14f1/Editor/Data/Resources/UnitySubsystems
[Subsystems] Discovering subsystems at path C:/Users/Lukas Kreiter/Documents/GitHub/DA_Unity_Factorygame/Assets
GfxDevice: creating device client; kGfxThreadingModeNonThreaded
Direct3D:
    Version:  Direct3D 11.0 [level 11.1]
    Renderer: NVIDIA GeForce RTX 4080 SUPER (ID=0x2702)
    Vendor:   NVIDIA
    VRAM:     16045 MB
    Driver:   32.0.15.9144
[Licensing::Client] Error: HandshakeResponse reported an error:
	ResponseCode: 505
	ResponseStatus: Unsupported protocol version '1.18.1'.
[Licensing::Module] Error: Failed to handshake to channel: "LicenseClient-Sd-stSSIeJ65I9-953Y04"
[Licensing::IpcConnector] LicenseClient-Sd-stSSIeJ65I9-953Y04 channel disconnected successfully.
[Licensing::IpcConnector] Successfully connected to: "LicenseClient-Lukas Kreiter-6000.3.14" at "2026-05-02T14:34:31.4876495Z"
Initialize mono
Mono path[0] = 'C:/Program Files/Unity/Hub/Editor/6000.3.14f1/Editor/Data/Managed'
Mono path[1] = 'C:/Program Files/Unity/Hub/Editor/6000.3.14f1/Editor/Data/MonoBleedingEdge/lib/mono/unityjit-win32'
Mono config path = 'C:/Program Files/Unity/Hub/Editor/6000.3.14f1/Editor/Data/MonoBleedingEdge/etc'
Using monoOptions --debugger-agent=transport=dt_socket,embedding=1,server=y,suspend=n,address=127.0.0.1:56136
Begin MonoManager ReloadAssembly
Registering precompiled unity dll's ...
Register platform support module: C:/Program Files/Unity/Hub/Editor/6000.3.14f1/Editor/Data/PlaybackEngines/WindowsStandaloneSupport/UnityEditor.WindowsStandalone.Extensions.dll
Registered in 0.001255 seconds.
[Licensing::Client] Handshaking with LicensingClient:
  Version:                 1.18.1+9fbee8e
  Session Id:              a834f3b924b9487696563f4e092fbc72
  Correlation Id:          bf91c31ae9dad8457a5fd01d02d32bea
  External correlation Id: 5643951371030608104
  Machine Id:              fZ6KFgf5wsAJ3CIPIAUrfVmKBAw=
[Licensing::Module] Successfully connected to LicensingClient on channel: "LicenseClient-Lukas Kreiter-6000.3.14" (connect: 0.00s, validation: 0.00s, handshake: 0.64s)
[Licensing::IpcConnector] Successfully connected to: "LicenseClient-Lukas Kreiter-6000.3.14-notifications" at "2026-05-02T14:34:32.1278953Z"
[Licensing::Module] Licensing Background thread has ended after 1.35s
- Loaded All Assemblies, in  0.406 seconds
Native extension for WindowsStandalone target not found
Package Manager log level set to [2]
[Package Manager] Failed to launch server process. Reason: Unity was launched with the -noUpm command-line argument
[Package Manager] Unable to send message (not connected to server process).
[Package Manager] Cannot connect to Unity Package Manager local server
ScheduleIndexationOnStartup MainProcess:False IndexOnStartup:True
Mono: successfully reloaded assembly
- Finished resetting the current domain, in  0.247 seconds
Domain Reload Profiling: 651ms
	BeginReloadAssembly (83ms)
		ExecutionOrderSort (0ms)
		DisableScriptedObjects (0ms)
		BackupInstance (0ms)
		ReleaseScriptingObjects (0ms)
		CreateAndSetChildDomain (1ms)
	RebuildCommonClasses (25ms)
	RebuildNativeTypeToScriptingClass (9ms)
	initialDomainReloadingComplete (30ms)
	LoadAllAssembliesAndSetupDomain (256ms)
		LoadAssemblies (81ms)
		RebuildTransferFunctionScriptingTraits (0ms)
		AnalyzeDomain (254ms)
			TypeCache.Refresh (253ms)
				TypeCache.ScanAssembly (96ms)
			BuildScriptInfoCaches (0ms)
			ResolveRequiredComponents (0ms)
	FinalizeReload (247ms)
		ReleaseScriptCaches (0ms)
		RebuildScriptCaches (0ms)
		SetupLoadedEditorAssemblies (225ms)
			LogAssemblyErrors (0ms)
			InitializePlatformSupportModulesInManaged (32ms)
			SetLoadedEditorAssemblies (3ms)
			BeforeProcessingInitializeOnLoad (49ms)
			ProcessInitializeOnLoadAttributes (88ms)
			ProcessInitializeOnLoadMethodAttributes (53ms)
			AfterProcessingInitializeOnLoad (0ms)
			EditorAssembliesLoaded (0ms)
		ExecutionOrderSort2 (0ms)
		AwakeInstancesAfterBackupRestoration (0ms)
========================================================================
Worker process is ready to serve import requests
Import Worker Mode flag is 0x00
Begin MonoManager ReloadAssembly
[Licensing::Client] Successfully resolved entitlement details
[Licensing::Module] License group:
  Id: 9071898581268-UnityPersXXXX
  Product: Unity Personal
  Type: Assigned
  Expiration: Unlimited
- Loaded All Assemblies, in  0.615 seconds
Refreshing native plugins compatible for Editor in 1.27 ms, found 4 plugins.
Native extension for WindowsStandalone target not found
[Package Manager] Failed to launch server process. Reason: Unity was launched with the -noUpm command-line argument
[Package Manager] Unable to send message (not connected to server process).
[Package Manager] Cannot connect to Unity Package Manager local server
Refreshing native plugins compatible for Editor in 1.64 ms, found 4 plugins.
[Package Manager] Failed to launch server process. Reason: Unity was launched with the -noUpm command-line argument
[Package Manager] Unable to send message (not connected to server process).
[Package Manager] Cannot connect to Unity Package Manager local server
ScheduleIndexationOnStartup MainProcess:False IndexOnStartup:True
Mono: successfully reloaded assembly
- Finished resetting the current domain, in  0.710 seconds
Domain Reload Profiling: 1322ms
	BeginReloadAssembly (135ms)
		ExecutionOrderSort (0ms)
		DisableScriptedObjects (4ms)
		BackupInstance (0ms)
		ReleaseScriptingObjects (0ms)
		CreateAndSetChildDomain (23ms)
	RebuildCommonClasses (27ms)
	RebuildNativeTypeToScriptingClass (9ms)
	initialDomainReloadingComplete (27ms)
	LoadAllAssembliesAndSetupDomain (413ms)
		LoadAssemblies (268ms)
		RebuildTransferFunctionScriptingTraits (0ms)
		AnalyzeDomain (223ms)
			TypeCache.Refresh (157ms)
				TypeCache.ScanAssembly (146ms)
			BuildScriptInfoCaches (56ms)
			ResolveRequiredComponents (7ms)
	FinalizeReload (711ms)
		ReleaseScriptCaches (0ms)
		RebuildScriptCaches (0ms)
		SetupLoadedEditorAssemblies (579ms)
			LogAssemblyErrors (0ms)
			InitializePlatformSupportModulesInManaged (1ms)
			SetLoadedEditorAssemblies (3ms)
			BeforeProcessingInitializeOnLoad (96ms)
			ProcessInitializeOnLoadAttributes (233ms)
			ProcessInitializeOnLoadMethodAttributes (241ms)
			AfterProcessingInitializeOnLoad (5ms)
			EditorAssembliesLoaded (0ms)
		ExecutionOrderSort2 (0ms)
		AwakeInstancesAfterBackupRestoration (5ms)
Launched and connected shader compiler UnityShaderCompiler.exe after 0.01 seconds
Refreshing native plugins compatible for Editor in 2.02 ms, found 4 plugins.
Preloading 0 native plugins for Editor in 0.00 ms.
Unloading 13 Unused Serialized files (Serialized files now loaded: 0)
Unloading 7208 unused Assets / (6.1 MB). Loaded Objects now: 8296.
Memory consumption went from 227.8 MB to 221.7 MB.
Total: 8.348200 ms (FindLiveObjects: 0.766800 ms CreateObjectMapping: 0.775900 ms MarkObjects: 4.155700 ms  DeleteObjects: 2.649100 ms)

========================================================================
Received Import Request.
  Time since last request: 1077689.772315 seconds.
  path: Assets/Samples/Scriptable Render Pipeline Core/17.3.0/Common/Models/UnityMaterialBall.fbx
  artifactKey: Guid(5cad194913b34614d99851ef300b8415) Importer(2089858483,b0f066a214c2f5e87bad3c948f4d605d)
Start importing Assets/Samples/Scriptable Render Pipeline Core/17.3.0/Common/Models/UnityMaterialBall.fbx using Guid(5cad194913b34614d99851ef300b8415) Importer(2089858483,b0f066a214c2f5e87bad3c948f4d605d) (ScriptedImporter) -> (artifact id: '0490541543a7a89c20c95b6c1acb67cd') in 0.0972741 seconds
Number of updated asset objects reloaded before import = 0Number of asset objects unloaded after import = 63

========================================================================
Received Import Request.
  Time since last request: 0.000021 seconds.
  path: Assets/Samples/Shader Graph/17.3.0/Terrain Shaders/Materials/CSNOH Auto Material Hex.mat
  artifactKey: Guid(00cf6655484153340bc9b2d6454ffcb6) Importer(815301076,1909f56bfc062723c751e8b465ee728b)
Start importing Assets/Samples/Shader Graph/17.3.0/Terrain Shaders/Materials/CSNOH Auto Material Hex.mat using Guid(00cf6655484153340bc9b2d6454ffcb6) Importer(815301076,1909f56bfc062723c751e8b465ee728b) (PreviewImporter) -> (artifact id: '0cf8caf665cdaec6fe985db455704e17') in 0.5943312 seconds
Number of updated asset objects reloaded before import = 0Number of asset objects unloaded after import = 12

========================================================================
Received Import Request.
  Time since last request: 0.000034 seconds.
  path: Assets/Scenes/TerrainGen.unity
  artifactKey: Guid(8c6ccd1dbc54d084e8b81cad9210fb3c) Importer(2089858483,b0f066a214c2f5e87bad3c948f4d605d)
Start importing Assets/Scenes/TerrainGen.unity using Guid(8c6ccd1dbc54d084e8b81cad9210fb3c) Importer(2089858483,b0f066a214c2f5e87bad3c948f4d605d) (ScriptedImporter) -> (artifact id: '86c71526521b23441ab14ce44b31075e') in 0.0965467 seconds
Number of updated asset objects reloaded before import = 0Number of asset objects unloaded after import = 1

========================================================================
Received Import Request.
  Time since last request: 11.635321 seconds.
  path: Assets/Materials/Terrain.mat
  artifactKey: Guid(949cad2e296234a48802f1ce6fe40b23) Importer(815301076,1909f56bfc062723c751e8b465ee728b)
Start importing Assets/Materials/Terrain.mat using Guid(949cad2e296234a48802f1ce6fe40b23) Importer(815301076,1909f56bfc062723c751e8b465ee728b) (PreviewImporter) -> (artifact id: 'fc9e3a0614616814075181cc0f495636') in 0.0374172 seconds
Number of updated asset objects reloaded before import = 0Number of asset objects unloaded after import = 1

========================================================================
Received Import Request.
  Time since last request: 0.841851 seconds.
  path: Assets/Materials/Terrain.mat
  artifactKey: Guid(949cad2e296234a48802f1ce6fe40b23) Importer(2089858483,b0f066a214c2f5e87bad3c948f4d605d)
Start importing Assets/Materials/Terrain.mat using Guid(949cad2e296234a48802f1ce6fe40b23) Importer(2089858483,b0f066a214c2f5e87bad3c948f4d605d) (ScriptedImporter) -> (artifact id: '45ed5494546750a8fc7df2546dce0376') in 0.014689 seconds
Number of updated asset objects reloaded before import = 0Number of asset objects unloaded after import = 1

========================================================================
Received Import Request.
  Time since last request: 29.108639 seconds.
  path: Assets/Shaders/CSNOH Auto Material Hex.shadergraph
  artifactKey: Guid(9e80af96fba7d5046960983bc238b169) Importer(815301076,1909f56bfc062723c751e8b465ee728b)
Start importing Assets/Shaders/CSNOH Auto Material Hex.shadergraph using Guid(9e80af96fba7d5046960983bc238b169) Importer(815301076,1909f56bfc062723c751e8b465ee728b) (PreviewImporter) -> (artifact id: 'b08f7111f3a8f0e52251e9ba5c2f447d') in 0.6388745 seconds
Number of updated asset objects reloaded before import = 0Number of asset objects unloaded after import = 4

========================================================================
Received Import Request.
  Time since last request: 51.359952 seconds.
  path: Assets/Shaders/TerrainShader.shadergraph
  artifactKey: Guid(7ab5545af66da4e438cbc2e864e7d0be) Importer(2089858483,b0f066a214c2f5e87bad3c948f4d605d)
Start importing Assets/Shaders/TerrainShader.shadergraph using Guid(7ab5545af66da4e438cbc2e864e7d0be) Importer(2089858483,b0f066a214c2f5e87bad3c948f4d605d) (ScriptedImporter) -> (artifact id: '97a3d665453bdd7de3f4770f0d8e2732') in 0.1366606 seconds
Number of updated asset objects reloaded before import = 1Number of asset objects unloaded after import = 3

========================================================================
Received Import Request.
  Time since last request: 0.000038 seconds.
  path: Assets/Shaders/TerrainShader.shadergraph
  artifactKey: Guid(7ab5545af66da4e438cbc2e864e7d0be) Importer(815301076,1909f56bfc062723c751e8b465ee728b)
Start importing Assets/Shaders/TerrainShader.shadergraph using Guid(7ab5545af66da4e438cbc2e864e7d0be) Importer(815301076,1909f56bfc062723c751e8b465ee728b) (PreviewImporter) -> (artifact id: 'dc4cf23a2b46601c13da2bfd570cacf5') in 0.1619062 seconds
Number of updated asset objects reloaded before import = 0Number of asset objects unloaded after import = 2

========================================================================
Received Import Request.
  Time since last request: 60.876331 seconds.
  path: Assets/Shaders/TerrainShader.shadergraph
  artifactKey: Guid(7ab5545af66da4e438cbc2e864e7d0be) Importer(815301076,1909f56bfc062723c751e8b465ee728b)
Start importing Assets/Shaders/TerrainShader.shadergraph using Guid(7ab5545af66da4e438cbc2e864e7d0be) Importer(815301076,1909f56bfc062723c751e8b465ee728b) (PreviewImporter) -> (artifact id: '7b58966c2e350902f3afaa57a0b99ae3') in 0.1691718 seconds
Number of updated asset objects reloaded before import = 0Number of asset objects unloaded after import = 2

========================================================================
Received Import Request.
  Time since last request: 0.675274 seconds.
  path: Assets/Shaders/TerrainShader.shadergraph
  artifactKey: Guid(7ab5545af66da4e438cbc2e864e7d0be) Importer(2089858483,b0f066a214c2f5e87bad3c948f4d605d)
Start importing Assets/Shaders/TerrainShader.shadergraph using Guid(7ab5545af66da4e438cbc2e864e7d0be) Importer(2089858483,b0f066a214c2f5e87bad3c948f4d605d) (ScriptedImporter) -> (artifact id: '4599ed632c12d5ca03666021d955e3b8') in 0.0140985 seconds
Number of updated asset objects reloaded before import = 0Number of asset objects unloaded after import = 3

========================================================================
Received Import Request.
  Time since last request: 29.056376 seconds.
  path: Assets/Shaders/Terrain.mat
  artifactKey: Guid(c54ae618d3546e349affdc3bc8454fac) Importer(815301076,1909f56bfc062723c751e8b465ee728b)
Start importing Assets/Shaders/Terrain.mat using Guid(c54ae618d3546e349affdc3bc8454fac) Importer(815301076,1909f56bfc062723c751e8b465ee728b) (PreviewImporter) -> (artifact id: 'ab8abc372d7438b6479994a985f363fd') in 0.0159471 seconds
Number of updated asset objects reloaded before import = 0Number of asset objects unloaded after import = 2

========================================================================
Received Import Request.
  Time since last request: 0.870267 seconds.
  path: Assets/Shaders/Terrain.mat
  artifactKey: Guid(c54ae618d3546e349affdc3bc8454fac) Importer(2089858483,b0f066a214c2f5e87bad3c948f4d605d)
Start importing Assets/Shaders/Terrain.mat using Guid(c54ae618d3546e349affdc3bc8454fac) Importer(2089858483,b0f066a214c2f5e87bad3c948f4d605d) (ScriptedImporter) -> (artifact id: '53187470f8767c8a8aa42e3daa63c07c') in 0.0127577 seconds
Number of updated asset objects reloaded before import = 0Number of asset objects unloaded after import = 2

========================================================================
Received Import Request.
  Time since last request: 188.828905 seconds.
  path: Assets/Shaders/Terrain.mat
  artifactKey: Guid(c54ae618d3546e349affdc3bc8454fac) Importer(815301076,1909f56bfc062723c751e8b465ee728b)
Start importing Assets/Shaders/Terrain.mat using Guid(c54ae618d3546e349affdc3bc8454fac) Importer(815301076,1909f56bfc062723c751e8b465ee728b) (PreviewImporter) -> (artifact id: 'd08b74ae6a6573f8dbddc5ced6cab48a') in 0.0169467 seconds
Number of updated asset objects reloaded before import = 0Number of asset objects unloaded after import = 2

========================================================================
Received Import Request.
  Time since last request: 0.867220 seconds.
  path: Assets/Shaders/Terrain.mat
  artifactKey: Guid(c54ae618d3546e349affdc3bc8454fac) Importer(2089858483,b0f066a214c2f5e87bad3c948f4d605d)
Start importing Assets/Shaders/Terrain.mat using Guid(c54ae618d3546e349affdc3bc8454fac) Importer(2089858483,b0f066a214c2f5e87bad3c948f4d605d) (ScriptedImporter) -> (artifact id: '0f659b336584f3994862867bb430922d') in 0.0103881 seconds
Number of updated asset objects reloaded before import = 0Number of asset objects unloaded after import = 2

========================================================================
Received Import Request.
  Time since last request: 5.070395 seconds.
  path: Assets/Shaders/Terrain.mat
  artifactKey: Guid(c54ae618d3546e349affdc3bc8454fac) Importer(815301076,1909f56bfc062723c751e8b465ee728b)
Start importing Assets/Shaders/Terrain.mat using Guid(c54ae618d3546e349affdc3bc8454fac) Importer(815301076,1909f56bfc062723c751e8b465ee728b) (PreviewImporter)Shader error in 'Shader Graphs/TerrainShader': undeclared identifier '_Splat' at Assets/Shaders/TerrainShader.shadergraph(12187) (on d3d11)

Compiling Subshader: 0, Pass: GBuffer, Vertex program with <no keywords>
Platform defines: SHADER_API_DESKTOP UNITY_ENABLE_DETAIL_NORMALMAP UNITY_ENABLE_REFLECTION_BUFFERS UNITY_LIGHTMAP_FULL_HDR UNITY_LIGHT_PROBE_PROXY_VOLUME UNITY_PBS_USE_BRDF1 UNITY_PLATFORM_SUPPORTS_DEPTH_FETCH UNITY_SPECCUBE_BLENDING UNITY_SPECCUBE_BOX_PROJECTION UNITY_USE_DITHER_MASK_FOR_ALPHABLENDED_SHADOWS
Disabled keywords: DEBUG_DISPLAY DIRLIGHTMAP_COMBINED DOTS_INSTANCING_ON DYNAMICLIGHTMAP_ON INSTANCING_ON LIGHTMAP_BICUBIC_SAMPLING LIGHTMAP_ON SHADER_API_GLES30 SHADER_API_GLES31 SHADER_API_GLES32 UNITY_ASTC_NORMALMAP_ENCODING UNITY_COLORSPACE_GAMMA UNITY_FRAMEBUFFER_FETCH_AVAILABLE UNITY_HARDWARE_TIER1 UNITY_HARDWARE_TIER2 UNITY_HARDWARE_TIER3 UNITY_LIGHTMAP_DLDR_ENCODING UNITY_LIGHTMAP_RGBM_ENCODING UNITY_METAL_SHADOWS_USE_POINT_FILTERING UNITY_NO_DXT5nm UNITY_NO_SCREENSPACE_SHADOWS UNITY_PBS_USE_BRDF2 UNITY_PBS_USE_BRDF3 UNITY_PRETRANSFORM_TO_DISPLAY_ORIENTATION UNITY_UNIFIED_SHADER_PRECISION_MODEL UNITY_VIRTUAL_TEXTURING USE_LEGACY_LIGHTMAPS _DOUBLESIDED_ON _REFRACTION_PLANE _REFRACTION_SPHERE _REFRACTION_THIN _SURFACE_TYPE_TRANSPARENT
Shader error in 'Shader Graphs/TerrainShader': undeclared identifier '_Splat' at Assets/Shaders/TerrainShader.shadergraph(12187) (on d3d11)

Compiling Subshader: 0, Pass: GBuffer, Vertex program with <no keywords>
Platform defines: SHADER_API_DESKTOP UNITY_ENABLE_DETAIL_NORMALMAP UNITY_ENABLE_REFLECTION_BUFFERS UNITY_LIGHTMAP_FULL_HDR UNITY_LIGHT_PROBE_PROXY_VOLUME UNITY_PBS_USE_BRDF1 UNITY_PLATFORM_SUPPORTS_DEPTH_FETCH UNITY_SPECCUBE_BLENDING UNITY_SPECCUBE_BOX_PROJECTION UNITY_USE_DITHER_MASK_FOR_ALPHABLENDED_SHADOWS
Disabled keywords: DEBUG_DISPLAY DIRLIGHTMAP_COMBINED DOTS_INSTANCING_ON DYNAMICLIGHTMAP_ON INSTANCING_ON LIGHTMAP_BICUBIC_SAMPLING LIGHTMAP_ON SHADER_API_GLES30 SHADER_API_GLES31 SHADER_API_GLES32 UNITY_ASTC_NORMALMAP_ENCODING UNITY_COLORSPACE_GAMMA UNITY_FRAMEBUFFER_FETCH_AVAILABLE UNITY_HARDWARE_TIER1 UNITY_HARDWARE_TIER2 UNITY_HARDWARE_TIER3 UNITY_LIGHTMAP_DLDR_ENCODING UNITY_LIGHTMAP_RGBM_ENCODING UNITY_METAL_SHADOWS_USE_POINT_FILTERING UNITY_NO_DXT5nm UNITY_NO_SCREENSPACE_SHADOWS UNITY_PBS_USE_BRDF2 UNITY_PBS_USE_BRDF3 UNITY_PRETRANSFORM_TO_DISPLAY_ORIENTATION UNITY_UNIFIED_SHADER_PRECISION_MODEL UNITY_VIRTUAL_TEXTURING USE_LEGACY_LIGHTMAPS _DOUBLESIDED_ON _REFRACTION_PLANE _REFRACTION_SPHERE _REFRACTION_THIN _SURFACE_TYPE_TRANSPARENT
 -> (artifact id: '141649f18dbd30c2704e4930ef28fb0e') in 0.2029876 seconds
Number of updated asset objects reloaded before import = 0Number of asset objects unloaded after import = 2

========================================================================
Received Import Request.
  Time since last request: 0.668153 seconds.
  path: Assets/Shaders/TerrainShader.shadergraph
  artifactKey: Guid(7ab5545af66da4e438cbc2e864e7d0be) Importer(2089858483,b0f066a214c2f5e87bad3c948f4d605d)
Start importing Assets/Shaders/TerrainShader.shadergraph using Guid(7ab5545af66da4e438cbc2e864e7d0be) Importer(2089858483,b0f066a214c2f5e87bad3c948f4d605d) (ScriptedImporter) -> (artifact id: '944220f5e0ccbd50714a0f6e0d3a3e13') in 0.0149023 seconds
Number of updated asset objects reloaded before import = 0Number of asset objects unloaded after import = 3

========================================================================
Received Import Request.
  Time since last request: 27.458276 seconds.
  path: Assets/Shaders/TerrainShader.shadergraph
  artifactKey: Guid(7ab5545af66da4e438cbc2e864e7d0be) Importer(815301076,1909f56bfc062723c751e8b465ee728b)
Start importing Assets/Shaders/TerrainShader.shadergraph using Guid(7ab5545af66da4e438cbc2e864e7d0be) Importer(815301076,1909f56bfc062723c751e8b465ee728b) (PreviewImporter)Shader error in 'Shader Graphs/TerrainShader': undeclared identifier '_Splat' at Assets/Shaders/TerrainShader.shadergraph(12187) (on d3d11)

Compiling Subshader: 0, Pass: GBuffer, Vertex program with <no keywords>
Platform defines: SHADER_API_DESKTOP UNITY_ENABLE_DETAIL_NORMALMAP UNITY_ENABLE_REFLECTION_BUFFERS UNITY_LIGHTMAP_FULL_HDR UNITY_LIGHT_PROBE_PROXY_VOLUME UNITY_PBS_USE_BRDF1 UNITY_PLATFORM_SUPPORTS_DEPTH_FETCH UNITY_SPECCUBE_BLENDING UNITY_SPECCUBE_BOX_PROJECTION UNITY_USE_DITHER_MASK_FOR_ALPHABLENDED_SHADOWS
Disabled keywords: DEBUG_DISPLAY DIRLIGHTMAP_COMBINED DOTS_INSTANCING_ON DYNAMICLIGHTMAP_ON INSTANCING_ON LIGHTMAP_BICUBIC_SAMPLING LIGHTMAP_ON SHADER_API_GLES30 SHADER_API_GLES31 SHADER_API_GLES32 UNITY_ASTC_NORMALMAP_ENCODING UNITY_COLORSPACE_GAMMA UNITY_FRAMEBUFFER_FETCH_AVAILABLE UNITY_HARDWARE_TIER1 UNITY_HARDWARE_TIER2 UNITY_HARDWARE_TIER3 UNITY_LIGHTMAP_DLDR_ENCODING UNITY_LIGHTMAP_RGBM_ENCODING UNITY_METAL_SHADOWS_USE_POINT_FILTERING UNITY_NO_DXT5nm UNITY_NO_SCREENSPACE_SHADOWS UNITY_PBS_USE_BRDF2 UNITY_PBS_USE_BRDF3 UNITY_PRETRANSFORM_TO_DISPLAY_ORIENTATION UNITY_UNIFIED_SHADER_PRECISION_MODEL UNITY_VIRTUAL_TEXTURING USE_LEGACY_LIGHTMAPS _DOUBLESIDED_ON _REFRACTION_PLANE _REFRACTION_SPHERE _REFRACTION_THIN _SURFACE_TYPE_TRANSPARENT
Shader error in 'Shader Graphs/TerrainShader': undeclared identifier '_Splat' at Assets/Shaders/TerrainShader.shadergraph(12187) (on d3d11)

Compiling Subshader: 0, Pass: GBuffer, Vertex program with <no keywords>
Platform defines: SHADER_API_DESKTOP UNITY_ENABLE_DETAIL_NORMALMAP UNITY_ENABLE_REFLECTION_BUFFERS UNITY_LIGHTMAP_FULL_HDR UNITY_LIGHT_PROBE_PROXY_VOLUME UNITY_PBS_USE_BRDF1 UNITY_PLATFORM_SUPPORTS_DEPTH_FETCH UNITY_SPECCUBE_BLENDING UNITY_SPECCUBE_BOX_PROJECTION UNITY_USE_DITHER_MASK_FOR_ALPHABLENDED_SHADOWS
Disabled keywords: DEBUG_DISPLAY DIRLIGHTMAP_COMBINED DOTS_INSTANCING_ON DYNAMICLIGHTMAP_ON INSTANCING_ON LIGHTMAP_BICUBIC_SAMPLING LIGHTMAP_ON SHADER_API_GLES30 SHADER_API_GLES31 SHADER_API_GLES32 UNITY_ASTC_NORMALMAP_ENCODING UNITY_COLORSPACE_GAMMA UNITY_FRAMEBUFFER_FETCH_AVAILABLE UNITY_HARDWARE_TIER1 UNITY_HARDWARE_TIER2 UNITY_HARDWARE_TIER3 UNITY_LIGHTMAP_DLDR_ENCODING UNITY_LIGHTMAP_RGBM_ENCODING UNITY_METAL_SHADOWS_USE_POINT_FILTERING UNITY_NO_DXT5nm UNITY_NO_SCREENSPACE_SHADOWS UNITY_PBS_USE_BRDF2 UNITY_PBS_USE_BRDF3 UNITY_PRETRANSFORM_TO_DISPLAY_ORIENTATION UNITY_UNIFIED_SHADER_PRECISION_MODEL UNITY_VIRTUAL_TEXTURING USE_LEGACY_LIGHTMAPS _DOUBLESIDED_ON _REFRACTION_PLANE _REFRACTION_SPHERE _REFRACTION_THIN _SURFACE_TYPE_TRANSPARENT
 -> (artifact id: '293d243027aeffeced4697c00fcc61c1') in 0.0146897 seconds
Number of updated asset objects reloaded before import = 0Number of asset objects unloaded after import = 2

========================================================================
Received Import Request.
  Time since last request: 4.529792 seconds.
  path: Assets/Shaders/Terrain.mat
  artifactKey: Guid(c54ae618d3546e349affdc3bc8454fac) Importer(815301076,1909f56bfc062723c751e8b465ee728b)
Start importing Assets/Shaders/Terrain.mat using Guid(c54ae618d3546e349affdc3bc8454fac) Importer(815301076,1909f56bfc062723c751e8b465ee728b) (PreviewImporter)Shader error in 'Shader Graphs/TerrainShader': undeclared identifier '_Splat' at Assets/Shaders/TerrainShader.shadergraph(12187) (on d3d11)

Compiling Subshader: 0, Pass: GBuffer, Vertex program with <no keywords>
Platform defines: SHADER_API_DESKTOP UNITY_ENABLE_DETAIL_NORMALMAP UNITY_ENABLE_REFLECTION_BUFFERS UNITY_LIGHTMAP_FULL_HDR UNITY_LIGHT_PROBE_PROXY_VOLUME UNITY_PBS_USE_BRDF1 UNITY_PLATFORM_SUPPORTS_DEPTH_FETCH UNITY_SPECCUBE_BLENDING UNITY_SPECCUBE_BOX_PROJECTION UNITY_USE_DITHER_MASK_FOR_ALPHABLENDED_SHADOWS
Disabled keywords: DEBUG_DISPLAY DIRLIGHTMAP_COMBINED DOTS_INSTANCING_ON DYNAMICLIGHTMAP_ON INSTANCING_ON LIGHTMAP_BICUBIC_SAMPLING LIGHTMAP_ON SHADER_API_GLES30 SHADER_API_GLES31 SHADER_API_GLES32 UNITY_ASTC_NORMALMAP_ENCODING UNITY_COLORSPACE_GAMMA UNITY_FRAMEBUFFER_FETCH_AVAILABLE UNITY_HARDWARE_TIER1 UNITY_HARDWARE_TIER2 UNITY_HARDWARE_TIER3 UNITY_LIGHTMAP_DLDR_ENCODING UNITY_LIGHTMAP_RGBM_ENCODING UNITY_METAL_SHADOWS_USE_POINT_FILTERING UNITY_NO_DXT5nm UNITY_NO_SCREENSPACE_SHADOWS UNITY_PBS_USE_BRDF2 UNITY_PBS_USE_BRDF3 UNITY_PRETRANSFORM_TO_DISPLAY_ORIENTATION UNITY_UNIFIED_SHADER_PRECISION_MODEL UNITY_VIRTUAL_TEXTURING USE_LEGACY_LIGHTMAPS _DOUBLESIDED_ON _REFRACTION_PLANE _REFRACTION_SPHERE _REFRACTION_THIN _SURFACE_TYPE_TRANSPARENT
Shader error in 'Shader Graphs/TerrainShader': undeclared identifier '_Splat' at Assets/Shaders/TerrainShader.shadergraph(12187) (on d3d11)

Compiling Subshader: 0, Pass: GBuffer, Vertex program with <no keywords>
Platform defines: SHADER_API_DESKTOP UNITY_ENABLE_DETAIL_NORMALMAP UNITY_ENABLE_REFLECTION_BUFFERS UNITY_LIGHTMAP_FULL_HDR UNITY_LIGHT_PROBE_PROXY_VOLUME UNITY_PBS_USE_BRDF1 UNITY_PLATFORM_SUPPORTS_DEPTH_FETCH UNITY_SPECCUBE_BLENDING UNITY_SPECCUBE_BOX_PROJECTION UNITY_USE_DITHER_MASK_FOR_ALPHABLENDED_SHADOWS
Disabled keywords: DEBUG_DISPLAY DIRLIGHTMAP_COMBINED DOTS_INSTANCING_ON DYNAMICLIGHTMAP_ON INSTANCING_ON LIGHTMAP_BICUBIC_SAMPLING LIGHTMAP_ON SHADER_API_GLES30 SHADER_API_GLES31 SHADER_API_GLES32 UNITY_ASTC_NORMALMAP_ENCODING UNITY_COLORSPACE_GAMMA UNITY_FRAMEBUFFER_FETCH_AVAILABLE UNITY_HARDWARE_TIER1 UNITY_HARDWARE_TIER2 UNITY_HARDWARE_TIER3 UNITY_LIGHTMAP_DLDR_ENCODING UNITY_LIGHTMAP_RGBM_ENCODING UNITY_METAL_SHADOWS_USE_POINT_FILTERING UNITY_NO_DXT5nm UNITY_NO_SCREENSPACE_SHADOWS UNITY_PBS_USE_BRDF2 UNITY_PBS_USE_BRDF3 UNITY_PRETRANSFORM_TO_DISPLAY_ORIENTATION UNITY_UNIFIED_SHADER_PRECISION_MODEL UNITY_VIRTUAL_TEXTURING USE_LEGACY_LIGHTMAPS _DOUBLESIDED_ON _REFRACTION_PLANE _REFRACTION_SPHERE _REFRACTION_THIN _SURFACE_TYPE_TRANSPARENT
 -> (artifact id: '9292590d324b751c215c37118a647f22') in 0.011703 seconds
Number of updated asset objects reloaded before import = 0Number of asset objects unloaded after import = 2

========================================================================
Received Import Request.
  Time since last request: 0.879888 seconds.
  path: Assets/Shaders/Terrain.mat
  artifactKey: Guid(c54ae618d3546e349affdc3bc8454fac) Importer(2089858483,b0f066a214c2f5e87bad3c948f4d605d)
Start importing Assets/Shaders/Terrain.mat using Guid(c54ae618d3546e349affdc3bc8454fac) Importer(2089858483,b0f066a214c2f5e87bad3c948f4d605d) (ScriptedImporter) -> (artifact id: 'ab09f2f21799b3d5b2392a8a126f0a64') in 0.0119904 seconds
Number of updated asset objects reloaded before import = 0Number of asset objects unloaded after import = 2

========================================================================
Received Import Request.
  Time since last request: 131.305963 seconds.
  path: Assets/Shaders/CSNOH Auto Material Hex.shadergraph
  artifactKey: Guid(0e7a9cb4408810542861e0fa770fe728) Importer(815301076,1909f56bfc062723c751e8b465ee728b)
Start importing Assets/Shaders/CSNOH Auto Material Hex.shadergraph using Guid(0e7a9cb4408810542861e0fa770fe728) Importer(815301076,1909f56bfc062723c751e8b465ee728b) (PreviewImporter) -> (artifact id: 'eff8b9b41e68eb3280affcaf09144b01') in 0.6120609 seconds
Number of updated asset objects reloaded before import = 0Number of asset objects unloaded after import = 5

========================================================================
Received Import Request.
  Time since last request: 0.151923 seconds.
  path: Assets/Shaders/CSNOH Auto Material Hex.shadergraph
  artifactKey: Guid(0e7a9cb4408810542861e0fa770fe728) Importer(2089858483,b0f066a214c2f5e87bad3c948f4d605d)
Start importing Assets/Shaders/CSNOH Auto Material Hex.shadergraph using Guid(0e7a9cb4408810542861e0fa770fe728) Importer(2089858483,b0f066a214c2f5e87bad3c948f4d605d) (ScriptedImporter) -> (artifact id: 'f11a8cbb323f280ba8e0ab8770ee5d49') in 0.0131669 seconds
Number of updated asset objects reloaded before import = 0Number of asset objects unloaded after import = 6

========================================================================
Received Import Request.
  Time since last request: 12.702500 seconds.
  path: Assets/Shaders/Terrain.mat
  artifactKey: Guid(c54ae618d3546e349affdc3bc8454fac) Importer(815301076,1909f56bfc062723c751e8b465ee728b)
Start importing Assets/Shaders/Terrain.mat using Guid(c54ae618d3546e349affdc3bc8454fac) Importer(815301076,1909f56bfc062723c751e8b465ee728b) (PreviewImporter) -> (artifact id: '8840c6a32a845150387daa4135d91b06') in 0.0170423 seconds
Number of updated asset objects reloaded before import = 0Number of asset objects unloaded after import = 4

========================================================================
Received Import Request.
  Time since last request: 0.870248 seconds.
  path: Assets/Shaders/Terrain.mat
  artifactKey: Guid(c54ae618d3546e349affdc3bc8454fac) Importer(2089858483,b0f066a214c2f5e87bad3c948f4d605d)
Start importing Assets/Shaders/Terrain.mat using Guid(c54ae618d3546e349affdc3bc8454fac) Importer(2089858483,b0f066a214c2f5e87bad3c948f4d605d) (ScriptedImporter) -> (artifact id: 'a2a04954492a4628ead91e5924d1932e') in 0.0115259 seconds
Number of updated asset objects reloaded before import = 0Number of asset objects unloaded after import = 4

========================================================================
Received Import Request.
  Time since last request: 41.688057 seconds.
  path: Assets/Shaders/Terrain.mat
  artifactKey: Guid(c54ae618d3546e349affdc3bc8454fac) Importer(815301076,1909f56bfc062723c751e8b465ee728b)
Start importing Assets/Shaders/Terrain.mat using Guid(c54ae618d3546e349affdc3bc8454fac) Importer(815301076,1909f56bfc062723c751e8b465ee728b) (PreviewImporter) -> (artifact id: 'b501d7bd969a47a34a57af8818d4c5dd') in 0.0123495 seconds
Number of updated asset objects reloaded before import = 0Number of asset objects unloaded after import = 2

========================================================================
Received Import Request.
  Time since last request: 11.976051 seconds.
  path: Assets/Shaders/TerrainShader.shadergraph
  artifactKey: Guid(7ab5545af66da4e438cbc2e864e7d0be) Importer(815301076,1909f56bfc062723c751e8b465ee728b)
Start importing Assets/Shaders/TerrainShader.shadergraph using Guid(7ab5545af66da4e438cbc2e864e7d0be) Importer(815301076,1909f56bfc062723c751e8b465ee728b) (PreviewImporter) -> (artifact id: 'baa0969443d466d93225fc5b889c5c68') in 0.1485178 seconds
Number of updated asset objects reloaded before import = 0Number of asset objects unloaded after import = 2

========================================================================
Received Import Request.
  Time since last request: 0.629028 seconds.
  path: Assets/Shaders/TerrainShader.shadergraph
  artifactKey: Guid(7ab5545af66da4e438cbc2e864e7d0be) Importer(2089858483,b0f066a214c2f5e87bad3c948f4d605d)
Start importing Assets/Shaders/TerrainShader.shadergraph using Guid(7ab5545af66da4e438cbc2e864e7d0be) Importer(2089858483,b0f066a214c2f5e87bad3c948f4d605d) (ScriptedImporter) -> (artifact id: '47495b74dc8d4106c5f26e40a0b98616') in 0.0170507 seconds
Number of updated asset objects reloaded before import = 0Number of asset objects unloaded after import = 3

========================================================================
Received Import Request.
  Time since last request: 14.226901 seconds.
  path: Assets/Shaders/Terrain.mat
  artifactKey: Guid(c54ae618d3546e349affdc3bc8454fac) Importer(815301076,1909f56bfc062723c751e8b465ee728b)
Start importing Assets/Shaders/Terrain.mat using Guid(c54ae618d3546e349affdc3bc8454fac) Importer(815301076,1909f56bfc062723c751e8b465ee728b) (PreviewImporter) -> (artifact id: 'b6a423e9ef6ef6a42be6bafe62bc12d0') in 0.0143346 seconds
Number of updated asset objects reloaded before import = 0Number of asset objects unloaded after import = 2

========================================================================
Received Import Request.
  Time since last request: 0.870939 seconds.
  path: Assets/Shaders/Terrain.mat
  artifactKey: Guid(c54ae618d3546e349affdc3bc8454fac) Importer(2089858483,b0f066a214c2f5e87bad3c948f4d605d)
Start importing Assets/Shaders/Terrain.mat using Guid(c54ae618d3546e349affdc3bc8454fac) Importer(2089858483,b0f066a214c2f5e87bad3c948f4d605d) (ScriptedImporter) -> (artifact id: 'a527a0e70e098bb797fde577c79df3ef') in 0.0119086 seconds
Number of updated asset objects reloaded before import = 0Number of asset objects unloaded after import = 2

========================================================================
Received Import Request.
  Time since last request: 18.186473 seconds.
  path: Assets/Shaders/Terrain.mat
  artifactKey: Guid(c54ae618d3546e349affdc3bc8454fac) Importer(815301076,1909f56bfc062723c751e8b465ee728b)
Start importing Assets/Shaders/Terrain.mat using Guid(c54ae618d3546e349affdc3bc8454fac) Importer(815301076,1909f56bfc062723c751e8b465ee728b) (PreviewImporter) -> (artifact id: 'b29ad280aea9d8ec7ef90b8237f2de0b') in 0.1570384 seconds
Number of updated asset objects reloaded before import = 0Number of asset objects unloaded after import = 2

========================================================================
Received Import Request.
  Time since last request: 0.714855 seconds.
  path: Assets/Shaders/TerrainShader.shadergraph
  artifactKey: Guid(7ab5545af66da4e438cbc2e864e7d0be) Importer(2089858483,b0f066a214c2f5e87bad3c948f4d605d)
Start importing Assets/Shaders/TerrainShader.shadergraph using Guid(7ab5545af66da4e438cbc2e864e7d0be) Importer(2089858483,b0f066a214c2f5e87bad3c948f4d605d) (ScriptedImporter) -> (artifact id: 'f9df9b830aeb664a3a1ee8a891a5ec54') in 0.0123482 seconds
Number of updated asset objects reloaded before import = 0Number of asset objects unloaded after import = 3

========================================================================
Received Import Request.
  Time since last request: 484.700572 seconds.
  path: Assets/Shaders/TerrainShader.shadergraph
  artifactKey: Guid(7ab5545af66da4e438cbc2e864e7d0be) Importer(815301076,1909f56bfc062723c751e8b465ee728b)
Start importing Assets/Shaders/TerrainShader.shadergraph using Guid(7ab5545af66da4e438cbc2e864e7d0be) Importer(815301076,1909f56bfc062723c751e8b465ee728b) (PreviewImporter) -> (artifact id: 'd14b904eb5ba05f565c75b2cb5fa32a0') in 0.0172552 seconds
Number of updated asset objects reloaded before import = 0Number of asset objects unloaded after import = 2

========================================================================
Received Import Request.
  Time since last request: 1230.102059 seconds.
  path: Assets/Shaders/CSNOH Auto Material Hex.shadergraph
  artifactKey: Guid(dca30ab52966f9e4cbe6c1b8785e0eb9) Importer(815301076,1909f56bfc062723c751e8b465ee728b)
Start importing Assets/Shaders/CSNOH Auto Material Hex.shadergraph using Guid(dca30ab52966f9e4cbe6c1b8785e0eb9) Importer(815301076,1909f56bfc062723c751e8b465ee728b) (PreviewImporter) -> (artifact id: '5f572ade5bf3d325948bd41686309837') in 0.6393302 seconds
Number of updated asset objects reloaded before import = 0Number of asset objects unloaded after import = 5

========================================================================
Received Import Request.
  Time since last request: 100.311877 seconds.
  path: Assets/Shaders/Terrain_CSNOH Auto Material Hex.mat
  artifactKey: Guid(a524308871527c84581a1c6a18a51c5e) Importer(815301076,1909f56bfc062723c751e8b465ee728b)
Start importing Assets/Shaders/Terrain_CSNOH Auto Material Hex.mat using Guid(a524308871527c84581a1c6a18a51c5e) Importer(815301076,1909f56bfc062723c751e8b465ee728b) (PreviewImporter) -> (artifact id: '6f9b656d48d3f3369559d71a4364f9fe') in 0.0346387 seconds
Number of updated asset objects reloaded before import = 0Number of asset objects unloaded after import = 4

========================================================================
Received Import Request.
  Time since last request: 0.000027 seconds.
  path: Assets/Shaders/Terrain_CSNOH Auto Material Hex.mat
  artifactKey: Guid(a524308871527c84581a1c6a18a51c5e) Importer(2089858483,b0f066a214c2f5e87bad3c948f4d605d)
Start importing Assets/Shaders/Terrain_CSNOH Auto Material Hex.mat using Guid(a524308871527c84581a1c6a18a51c5e) Importer(2089858483,b0f066a214c2f5e87bad3c948f4d605d) (ScriptedImporter) -> (artifact id: '219d530230c914c8a1374f168eb31837') in 0.0108613 seconds
Number of updated asset objects reloaded before import = 0Number of asset objects unloaded after import = 4

========================================================================
Received Import Request.
  Time since last request: 163.378580 seconds.
  path: Assets/Samples/Shader Graph/17.3.0/Common/Textures/cloud.png
  artifactKey: Guid(6d6107988df7cbe45be94f54f8b4d8ef) Importer(815301076,1909f56bfc062723c751e8b465ee728b)
Start importing Assets/Samples/Shader Graph/17.3.0/Common/Textures/cloud.png using Guid(6d6107988df7cbe45be94f54f8b4d8ef) Importer(815301076,1909f56bfc062723c751e8b465ee728b) (PreviewImporter) -> (artifact id: 'e10d1192dc0b9e0392c58d5892ae7db8') in 0.0160567 seconds
Number of updated asset objects reloaded before import = 0Number of asset objects unloaded after import = 2

========================================================================
Received Import Request.
  Time since last request: 0.000026 seconds.
  path: Assets/Samples/Shader Graph/17.3.0/Common/Textures/cobblestones_detail.png
  artifactKey: Guid(0550da386c6a5904aa1415e1800d8c11) Importer(815301076,1909f56bfc062723c751e8b465ee728b)
Start importing Assets/Samples/Shader Graph/17.3.0/Common/Textures/cobblestones_detail.png using Guid(0550da386c6a5904aa1415e1800d8c11) Importer(815301076,1909f56bfc062723c751e8b465ee728b) (PreviewImporter) -> (artifact id: '0215ad92f00f8762c6384b05b35847e0') in 0.0105317 seconds
Number of updated asset objects reloaded before import = 0Number of asset objects unloaded after import = 2

========================================================================
Received Import Request.
  Time since last request: 0.000032 seconds.
  path: Assets/Samples/Shader Graph/17.3.0/Common/Textures/cobblestones_mohs.png
  artifactKey: Guid(8c31c20ac2129c3428084be388816642) Importer(815301076,1909f56bfc062723c751e8b465ee728b)
Start importing Assets/Samples/Shader Graph/17.3.0/Common/Textures/cobblestones_mohs.png using Guid(8c31c20ac2129c3428084be388816642) Importer(815301076,1909f56bfc062723c751e8b465ee728b) (PreviewImporter) -> (artifact id: 'cc6f46fa430d5a267dac71b1e3a2ad32') in 0.0100515 seconds
Number of updated asset objects reloaded before import = 0Number of asset objects unloaded after import = 2

========================================================================
Received Import Request.
  Time since last request: 0.000024 seconds.
  path: Assets/Samples/Shader Graph/17.3.0/Common/Textures/cobblestones_d.png
  artifactKey: Guid(b356831ef4f363d48989d117c6ea79e3) Importer(815301076,1909f56bfc062723c751e8b465ee728b)
Start importing Assets/Samples/Shader Graph/17.3.0/Common/Textures/cobblestones_d.png using Guid(b356831ef4f363d48989d117c6ea79e3) Importer(815301076,1909f56bfc062723c751e8b465ee728b) (PreviewImporter) -> (artifact id: 'a39b6eb196c1bc14ad3432c75556d679') in 0.0116799 seconds
Number of updated asset objects reloaded before import = 0Number of asset objects unloaded after import = 2

========================================================================
Received Import Request.
  Time since last request: 4.663166 seconds.
  path: Assets/Samples/Scriptable Render Pipeline Core/17.3.0/Common/TextMesh Pro/Resources/Fonts & Materials/Inter-Regular SDF.asset
  artifactKey: Guid(2f7116f10747a67409388e93052ae222) Importer(815301076,1909f56bfc062723c751e8b465ee728b)
Start importing Assets/Samples/Scriptable Render Pipeline Core/17.3.0/Common/TextMesh Pro/Resources/Fonts & Materials/Inter-Regular SDF.asset using Guid(2f7116f10747a67409388e93052ae222) Importer(815301076,1909f56bfc062723c751e8b465ee728b) (PreviewImporter) -> (artifact id: '61f45f270a2a11fd0503eb6ab7b2e78d') in 0.3654866 seconds
Number of updated asset objects reloaded before import = 0Number of asset objects unloaded after import = 5

========================================================================
Received Import Request.
  Time since last request: 0.000029 seconds.
  path: Assets/TextMesh Pro/Resources/Fonts & Materials/LiberationSans SDF.asset
  artifactKey: Guid(8f586378b4e144a9851e7b34d9b748ee) Importer(815301076,1909f56bfc062723c751e8b465ee728b)
Start importing Assets/TextMesh Pro/Resources/Fonts & Materials/LiberationSans SDF.asset using Guid(8f586378b4e144a9851e7b34d9b748ee) Importer(815301076,1909f56bfc062723c751e8b465ee728b) (PreviewImporter) -> (artifact id: '1b4000dde3576bd4c59798cfd5b90db2') in 0.0272058 seconds
Number of updated asset objects reloaded before import = 0Number of asset objects unloaded after import = 9

========================================================================
Received Import Request.
  Time since last request: 2.260361 seconds.
  path: Assets/Samples/Shader Graph/17.3.0/Common/Textures/Rock_A_CS.png
  artifactKey: Guid(2e067b39bd5d0b742a037582cd9a2b00) Importer(815301076,1909f56bfc062723c751e8b465ee728b)
Start importing Assets/Samples/Shader Graph/17.3.0/Common/Textures/Rock_A_CS.png using Guid(2e067b39bd5d0b742a037582cd9a2b00) Importer(815301076,1909f56bfc062723c751e8b465ee728b) (PreviewImporter) -> (artifact id: '23d03c7bb2f0be57779e96ecb79fffbb') in 0.0101747 seconds
Number of updated asset objects reloaded before import = 0Number of asset objects unloaded after import = 2

========================================================================
Received Import Request.
  Time since last request: 32.996819 seconds.
  path: Assets/Samples/Shader Graph/17.3.0/Common/Textures/terrain/dry_soil/dry_soil_n.png
  artifactKey: Guid(d40931f90ff26874ba4d0445cd22289b) Importer(815301076,1909f56bfc062723c751e8b465ee728b)
Start importing Assets/Samples/Shader Graph/17.3.0/Common/Textures/terrain/dry_soil/dry_soil_n.png using Guid(d40931f90ff26874ba4d0445cd22289b) Importer(815301076,1909f56bfc062723c751e8b465ee728b) (PreviewImporter) -> (artifact id: '81e7e4a77ae73b7481b0efa6f156a8a1') in 0.0170981 seconds
Number of updated asset objects reloaded before import = 1Number of asset objects unloaded after import = 2

========================================================================
Received Import Request.
  Time since last request: 0.228712 seconds.
  path: Assets/Samples/Shader Graph/17.3.0/Common/Textures/Rock_Macro_NOS.png
  artifactKey: Guid(d44c127dcfda3af4088d6cb5996daab6) Importer(815301076,1909f56bfc062723c751e8b465ee728b)
Start importing Assets/Samples/Shader Graph/17.3.0/Common/Textures/Rock_Macro_NOS.png using Guid(d44c127dcfda3af4088d6cb5996daab6) Importer(815301076,1909f56bfc062723c751e8b465ee728b) (PreviewImporter) -> (artifact id: '1ff450c9eb70ae7754fa8c21131a959c') in 0.0110347 seconds
Number of updated asset objects reloaded before import = 0Number of asset objects unloaded after import = 2

Editor requested this worker to shutdown with reason: Scaling down because of idle timeout
AssetImportWorker is now disconnected from the server
Process exiting
Exiting without the bug reporter. Application will terminate with return code 0